// Jest Snapshot v1, https://goo.gl/fbAQLP

exports[`Global category contexts getChildren should throw an error if no context is provided 1`] = `"received is not a function"`;
